[2026-04-18T11:09:48+0300] Detecting operator public IP for SSH allowlist
[2026-04-18T11:10:04+0300] Falling back to the SSH CIDR already defined in terraform.tfvars.example
[2026-04-18T11:10:04+0300] Exporting AWS session credentials
[2026-04-18T11:10:05+0300] Using exported AWS session credentials
[2026-04-18T11:10:05+0300] Validating AWS identity
[2026-04-18T11:10:05+0300] Ensuring remote state resources exist
[2026-04-18T11:10:05+0300] Reusing existing backend bucket and lock table configuration
[2026-04-18T11:10:05+0300] Initializing Terraform

[0m[1mInitializing the backend...[0m
[0m[32m
Successfully configured the backend "s3"! Terraform will automatically
use this backend unless the backend configuration changes.[0m
[0m[1mInitializing modules...[0m

[0m[1mInitializing provider plugins...[0m
- Reusing previous version of hashicorp/aws from the dependency lock file
- Using previously-installed hashicorp/aws v5.100.0

[0m[1m[32mTerraform has been successfully initialized![0m[32m[0m
[0m[32m
You may now begin working with Terraform. Try running "terraform plan" to see
any changes that are required for your infrastructure. All Terraform commands
should now work.

If you ever set or change modules or backend configuration for Terraform,
rerun this command to reinitialize your working directory. If you forget, other
commands will detect it and remind you to do so if necessary.[0m
[2026-04-18T11:12:54+0300] Planning infrastructure
Acquiring state lock. This may take a few moments...
